// Jest Snapshot v1, https://goo.gl/fbAQLP

exports[`SecureFlowLogBucket specific Testing Should match snapshot 1`] = `
{
  "Parameters": {
    "BootstrapVersion": {
      "Default": "/cdk-bootstrap/hnb659fds/version",
      "Description": "Version of the CDK Bootstrap resources in this environment, automatically retrieved from SSM Parameter Store. [cdk:skip]",
      "Type": "AWS::SSM::Parameter::Value<String>",
    },
  },
  "Resources": {
    "SecureFlowLogBucketE93329AB": {
      "DeletionPolicy": "Retain",
      "Properties": {
        "AccessControl": "Private",
        "BucketEncryption": {
          "ServerSideEncryptionConfiguration": [
            {
              "ServerSideEncryptionByDefault": {
                "SSEAlgorithm": "AES256",
              },
            },
          ],
        },
        "LifecycleConfiguration": {
          "Rules": [
            {
              "Id": "archive-step-lifecycle-rule",
              "Status": "Enabled",
              "Transitions": [
                {
                  "StorageClass": "STANDARD_IA",
                  "TransitionInDays": 400,
                },
                {
                  "StorageClass": "GLACIER",
                  "TransitionInDays": 720,
                },
                {
                  "StorageClass": "DEEP_ARCHIVE",
                  "TransitionInDays": 980,
                },
              ],
            },
          ],
        },
        "OwnershipControls": {
          "Rules": [
            {
              "ObjectOwnership": "BucketOwnerEnforced",
            },
          ],
        },
        "PublicAccessBlockConfiguration": {
          "BlockPublicAcls": true,
          "BlockPublicPolicy": true,
          "IgnorePublicAcls": true,
          "RestrictPublicBuckets": true,
        },
        "VersioningConfiguration": {
          "Status": "Enabled",
        },
      },
      "Type": "AWS::S3::Bucket",
      "UpdateReplacePolicy": "Retain",
    },
    "SecureFlowLogBucketPolicy21D262DA": {
      "Properties": {
        "Bucket": {
          "Ref": "SecureFlowLogBucketE93329AB",
        },
        "PolicyDocument": {
          "Statement": [
            {
              "Action": "s3:*",
              "Condition": {
                "Bool": {
                  "aws:SecureTransport": "false",
                },
              },
              "Effect": "Deny",
              "Principal": {
                "AWS": "*",
              },
              "Resource": [
                {
                  "Fn::GetAtt": [
                    "SecureFlowLogBucketE93329AB",
                    "Arn",
                  ],
                },
                {
                  "Fn::Join": [
                    "",
                    [
                      {
                        "Fn::GetAtt": [
                          "SecureFlowLogBucketE93329AB",
                          "Arn",
                        ],
                      },
                      "/*",
                    ],
                  ],
                },
              ],
            },
            {
              "Action": "s3:GetBucketAcl",
              "Effect": "Allow",
              "Principal": {
                "Service": "delivery.logs.amazonaws.com",
              },
              "Resource": {
                "Fn::GetAtt": [
                  "SecureFlowLogBucketE93329AB",
                  "Arn",
                ],
              },
            },
            {
              "Action": "s3:PutObject",
              "Condition": {
                "StringEquals": {
                  "s3:x-amz-acl": "bucket-owner-full-control",
                },
              },
              "Effect": "Allow",
              "Principal": {
                "Service": "delivery.logs.amazonaws.com",
              },
              "Resource": [
                {
                  "Fn::Join": [
                    "",
                    [
                      {
                        "Fn::GetAtt": [
                          "SecureFlowLogBucketE93329AB",
                          "Arn",
                        ],
                      },
                      "/example-prefix-a/AWSLogs/",
                      {
                        "Ref": "AWS::AccountId",
                      },
                      "/*",
                    ],
                  ],
                },
                {
                  "Fn::Join": [
                    "",
                    [
                      {
                        "Fn::GetAtt": [
                          "SecureFlowLogBucketE93329AB",
                          "Arn",
                        ],
                      },
                      "/example-prefix-b/AWSLogs/",
                      {
                        "Ref": "AWS::AccountId",
                      },
                      "/*",
                    ],
                  ],
                },
              ],
            },
          ],
          "Version": "2012-10-17",
        },
      },
      "Type": "AWS::S3::BucketPolicy",
    },
  },
  "Rules": {
    "CheckBootstrapVersion": {
      "Assertions": [
        {
          "Assert": {
            "Fn::Not": [
              {
                "Fn::Contains": [
                  [
                    "1",
                    "2",
                    "3",
                    "4",
                    "5",
                  ],
                  {
                    "Ref": "BootstrapVersion",
                  },
                ],
              },
            ],
          },
          "AssertDescription": "CDK bootstrap stack version 6 required. Please run 'cdk bootstrap' with a recent version of the CDK CLI.",
        },
      ],
    },
  },
}
`;
